1
# of trials = 10000000 (ct. 7851346), estimate of pi is 3.140538
