1
Sine(60.000000 degrees) = about 0.866025403784
Square root of 3 is about 1.732050807569
